<html>
<body>
<pre>
<h1>礦ision Build Log</h1>
<h2>Tool Versions:</h2>
IDE-Version: μVision V5.18.0.0
Copyright (C) 2016 ARM Ltd and ARM Germany GmbH. All rights reserved.
License Information: 沛 穆, 山大威海, LIC=1WS63-AVU7J-157TV-PPKAF-LZ2PW-22W2X
 
Tool Versions:
Toolchain:       MDK-ARM Professional  Version: 5.18
Toolchain Path:  C:\Keil\ARM\ARM\ARMCC\Bin
C Compiler:      Armcc.exe V5.06 update 1 (build 61)
Assembler:       Armasm.exe V5.06 update 1 (build 61)
Linker/Locator:  ArmLink.exe V5.06 update 1 (build 61)
Library Manager: ArmAr.exe V5.06 update 1 (build 61)
Hex Converter:   FromElf.exe V5.06 update 1 (build 61)
CPU DLL:         SARMCM3.DLL V5.18
Dialog DLL:      DCM.DLL V1.13.6.0
Target DLL:      UL2CM3.DLL V1.157.5.0
Dialog DLL:      TCM.DLL V1.14.8.0
 
<h2>Project:</h2>
E:\我的项目\IoT\107_lwIP学习过程\中断\user\interrupt.uvprojx
Project File Date:  05/02/2016

<h2>Output:</h2>
*** Using Compiler 'V5.06 update 1 (build 61)', folder: 'C:\Keil\ARM\ARM\ARMCC\Bin'
Rebuild target 'interrupt'
assembling startup_stm32f10x_cl.s...
compiling core_cm3.c...
compiling stm32f10x_exti.c...
compiling stm32f10x_gpio.c...
compiling system_stm32f10x.c...
compiling stm32f10x_rtc.c...
compiling main.c...
compiling stm32f10x_it.c...
compiling stm32f10x_rcc.c...
compiling misc.c...
compiling delay.c...
compiling key.c...
compiling led.c...
linking...
Program Size: Code=1820 RO-data=352 RW-data=0 ZI-data=1632  
FromELF: creating hex file...
".\interrupt.axf" - 0 Error(s), 0 Warning(s).

<h2>Collection of Component include folders:</h2>
  E:\我的项目\IoT\107_lwIP学习过程\中断\user\RTE
  C:\Keil\ARM\ARM\PACK\Keil\STM32F1xx_DFP\2.0.0\Device\Include

<h2>Collection of Component Files used:</h2>
Build Time Elapsed:  00:00:02
</pre>
</body>
</html>
